
> uppowerskill-lms@1.0.2 build
> next build

   โ–ฒ Next.js 15.5.7
   - Environments: .env.production.local, .env.local, .env.production, .env
   - Experiments (use with caution):
     ยท serverActions

   Creating an optimized production build ...
node.exe :  โ  Compiled with warnings in 46s
At line:1 char:1
+ & "C:\Program Files\nodejs/node.exe" "C:\Program Files\nodejs/node_mo ...
+ ~~~~~~~~~~~~~~~~~~~~~~~~~~~~~~~~~~~~~~~~~~~~~~~~~~~~~~~~~~~~~~~~~~~~~
    + CategoryInfo          : NotSpecified: ( โ Compiled with warnings in 46  
  s:String) [], RemoteException
    + FullyQualifiedErrorId : NativeCommandError
 

./node_modules/@prisma/instrumentation/node_modules/@opentelemetry/instrumentat
ion/build/esm/platform/node/instrumentation.js
Critical dependency: the request of a dependency is an expression

Import trace for requested module:
./node_modules/@prisma/instrumentation/node_modules/@opentelemetry/instrumentat
ion/build/esm/platform/node/instrumentation.js
./node_modules/@prisma/instrumentation/node_modules/@opentelemetry/instrumentat
ion/build/esm/platform/node/index.js
./node_modules/@prisma/instrumentation/node_modules/@opentelemetry/instrumentat
ion/build/esm/platform/index.js
./node_modules/@prisma/instrumentation/node_modules/@opentelemetry/instrumentat
ion/build/esm/index.js
./node_modules/@prisma/instrumentation/dist/index.js
./node_modules/@sentry/node/build/cjs/integrations/tracing/prisma.js
./node_modules/@sentry/node/build/cjs/index.js
./node_modules/@sentry/nextjs/build/cjs/index.server.js
./src/lib/security/audit-logger.ts
./src/app/api/security/audit/route.ts

   Linting and checking validity of types ...
   Collecting page data ...
โ… Database connected successfully
Sharp not available, image optimization disabled
โ… Database connected successfully
โก Loading ultra-fast AI model...
โก Loading ultra-fast AI model...
โ… Database connected successfully
โก Loading ultra-fast AI model...
โ… Ultra-fast model loaded
โ… Ultra-fast model loaded
โ… Ultra-fast model loaded
